MPLINK 4.33, Linker
Linker Map File - Created Mon Feb 11 17:17:58 2019

                                 Section Info
                  Section       Type    Address   Location Size(Bytes)
                ---------  ---------  ---------  ---------  ---------
               _entry_scn       code   0x000000    program   0x000006
                   .cinit    romdata   0x000006    program   0x000002
               adresse_it       code   0x000008    program   0x000006
           .code_td2-p1.o       code   0x00000e    program   0x000406
                     PROG       code   0x000414    program   0x00030a
               _cinit_scn       code   0x00071e    program   0x00009e
         .code_fxd3232u.o       code   0x0007bc    program   0x000048
           .code_t1open.o       code   0x000804    program   0x000042
           .code_t1read.o       code   0x000846    program   0x00003e
          .code_t1write.o       code   0x000884    program   0x000038
             D10KTCYXCODE       code   0x0008bc    program   0x00002e
         .code_fxd1616u.o       code   0x0008ea    program   0x00002c
             _startup_scn       code   0x000916    program   0x00001c
                    .code       code   0x000932    program   0x00000e
           .code___init.o       code   0x000940    program   0x000002
        .idata___init.o_i    romdata   0x000942    program   0x000000
       .romdata_t1write.o    romdata   0x000942    program   0x000000
       .idata_t1write.o_i    romdata   0x000942    program   0x000000
        .romdata_t1read.o    romdata   0x000942    program   0x000000
        .romdata___init.o    romdata   0x000942    program   0x000000
        .idata_t1read.o_i    romdata   0x000942    program   0x000000
        .romdata_t1open.o    romdata   0x000942    program   0x000000
        .idata_t1open.o_i    romdata   0x000942    program   0x000000
      .romdata_fxd3232u.o    romdata   0x000942    program   0x000000
      .idata_fxd3232u.o_i    romdata   0x000942    program   0x000000
      .romdata_fxd1616u.o    romdata   0x000942    program   0x000000
      .idata_fxd1616u.o_i    romdata   0x000942    program   0x000000
        .romdata_td2-p1.o    romdata   0x000942    program   0x000000
        .idata_td2-p1.o_i    romdata   0x000942    program   0x000000
            .code_c018i.o       code   0x000942    program   0x000000
         .romdata_c018i.o    romdata   0x000942    program   0x000000
         .idata_c018i.o_i    romdata   0x000942    program   0x000000
                MATH_DATA      udata   0x000000       data   0x000014
                 .tmpdata      udata   0x000014       data   0x000008
                DELAYDAT2      udata   0x00001c       data   0x000001
                DELAYDAT1      udata   0x00001d       data   0x000001
           .udata_c018i.o      udata   0x000080       data   0x00000a
          .udata_td2-p1.o      udata   0x00008a       data   0x000002
          .idata___init.o      idata   0x00008c       data   0x000000
          .udata___init.o      udata   0x00008c       data   0x000000
         .idata_t1write.o      idata   0x00008c       data   0x000000
         .udata_t1write.o      udata   0x00008c       data   0x000000
          .idata_t1read.o      idata   0x00008c       data   0x000000
          .udata_t1read.o      udata   0x00008c       data   0x000000
          .idata_t1open.o      idata   0x00008c       data   0x000000
          .udata_t1open.o      udata   0x00008c       data   0x000000
        .idata_fxd3232u.o      idata   0x00008c       data   0x000000
        .udata_fxd3232u.o      udata   0x00008c       data   0x000000
        .idata_fxd1616u.o      idata   0x00008c       data   0x000000
        .udata_fxd1616u.o      udata   0x00008c       data   0x000000
          .idata_td2-p1.o      idata   0x00008c       data   0x000000
           .idata_c018i.o      idata   0x00008c       data   0x000000
                   .stack      udata   0x000500       data   0x000100
            SFR_UNBANKED0      udata   0x000f80       data   0x000080



                              Program Memory Usage 
                               Start         End      
                           ---------   ---------      
                            0x000000    0x000941      
            2370 out of 33048 program addresses used, program memory utilization is 7%



                              Symbols - Sorted by Name
                     Name    Address   Location    Storage File                     
                ---------  ---------  ---------  --------- ---------                
                   D10K_1   0x0008c8    program     static C:\MCC18\src\traditional\delays\d10ktcyx.asm
                    D10Kl   0x0008d4    program     static C:\MCC18\src\traditional\delays\d10ktcyx.asm
                    D10Kx   0x0008c6    program     static C:\MCC18\src\traditional\delays\d10ktcyx.asm
                   D1616S   0x000512    program     static C:\MCC18\src\traditional\math\fxd1616s.asm
                D1616SNEG   0x000520    program     static C:\MCC18\src\traditional\math\fxd1616s.asm
                 D1616SOK   0x00051c    program     static C:\MCC18\src\traditional\math\fxd1616s.asm
                  D1616SX   0x000532    program     static C:\MCC18\src\traditional\math\fxd1616s.asm
                   D3232S   0x00056c    program     static C:\MCC18\src\traditional\math\fxd3232s.asm
                D3232SNEG   0x00057a    program     static C:\MCC18\src\traditional\math\fxd3232s.asm
                 D3232SOK   0x000576    program     static C:\MCC18\src\traditional\math\fxd3232s.asm
                  D3232SX   0x00059a    program     static C:\MCC18\src\traditional\math\fxd3232s.asm
                  DA1616S   0x000502    program     static C:\MCC18\src\traditional\math\fxd1616s.asm
                  DA3232S   0x000556    program     static C:\MCC18\src\traditional\math\fxd3232s.asm
             Delay10KTCYx   0x0008bc    program     extern C:\MCC18\src\traditional\delays\d10ktcyx.asm
                 FLO3232S   0x000418    program     extern C:\MCC18\src\traditional\math\cast32FP.asm
                 FLO3232U   0x000414    program     extern C:\MCC18\src\traditional\math\cast32FP.asm
                    FPD32   0x00044a    program     extern C:\MCC18\src\traditional\math\divFP.asm
                 FXD1616S   0x0004f0    program     extern C:\MCC18\src\traditional\math\fxd1616s.asm
                 FXD1616U   0x0008ea    program     extern C:\MCC18\src\traditional\math\fxd1616u.c
                 FXD3232S   0x00053c    program     extern C:\MCC18\src\traditional\math\fxd3232s.asm
                 FXD3232U   0x0007bc    program     extern C:\MCC18\src\traditional\math\fxd3232u.c
                  INT3232   0x0005a4    program     extern C:\MCC18\src\traditional\math\castFP32.asm
               OpenTimer1   0x000804    program     extern C:\MCC18\src\pmc_common\Timers\t1open.c
               ReadTimer1   0x000846    program     extern C:\MCC18\src\pmc_common\Timers\t1read.c
              WriteTimer1   0x000884    program     extern C:\MCC18\src\pmc_common\Timers\t1write.c
       _D10KTCYXCODE_0010   0x0008cc    program     static C:\MCC18\src\traditional\delays\d10ktcyx.asm
       _D10KTCYXCODE_001C   0x0008d8    program     static C:\MCC18\src\traditional\delays\d10ktcyx.asm
                 __FpExit   0x00061e    program     extern C:\MCC18\src\traditional\math\packFP.asm
                 __FpPack   0x00064a    program     extern C:\MCC18\src\traditional\math\packFP.asm
            __FpReturnNaN   0x000612    program     extern C:\MCC18\src\traditional\math\packFP.asm
         __FpReturnNegInf   0x000624    program     extern C:\MCC18\src\traditional\math\packFP.asm
        __FpReturnNegZero   0x00063c    program     extern C:\MCC18\src\traditional\math\packFP.asm
         __FpReturnPosInf   0x00062a    program     extern C:\MCC18\src\traditional\math\packFP.asm
        __FpReturnPosZero   0x000644    program     extern C:\MCC18\src\traditional\math\packFP.asm
        __FpReturnSignInf   0x000620    program     extern C:\MCC18\src\traditional\math\packFP.asm
       __FpReturnSignZero   0x000638    program     extern C:\MCC18\src\traditional\math\packFP.asm
              __FpReturnW   0x0006a2    program     extern C:\MCC18\src\traditional\math\packFP.asm
              __FpUnPackA   0x0006c2    program     extern C:\MCC18\src\traditional\math\UnpackFP.asm
              __FpUnPackB   0x0006f2    program     extern C:\MCC18\src\traditional\math\UnpackFP.asm
       ___return_lbl00000   0x000914    program     static                          
       ___return_lbl00000   0x00000c    program     static                          
       ___return_lbl00000   0x000802    program     static                          
       ___return_lbl00000   0x000004    program     static                          
       ___return_lbl00001   0x000930    program     static                          
       ___return_lbl00002   0x0007ba    program     static                          
                   __init   0x000940    program     extern C:\MCC18\src\traditional\stdclib\__init.c
            __zero_memory   0x000932    program     extern C:\MCC18\src\traditional\proc\p18F452.asm
                _do_cinit   0x00071e    program     extern C:\MCC18\src\traditional\startup\c018i.c
                   _entry   0x000000    program     extern C:\MCC18\src\traditional\startup\c018i.c
                   _false   0x0007fe    program     static                          
                 _startup   0x000916    program     extern C:\MCC18\src\traditional\startup\c018i.c
               affich_kmh   0x0000fc    program     extern C:\Users\yv066840\Desktop\TD2\td2-p1.c
               clear_loop   0x000938    program     static C:\MCC18\src\traditional\proc\p18F452.asm
                copy_loop   0x000790    program     static                          
            copy_one_byte   0x000796    program     static                          
                     done   0x0007ba    program     static                          
             done_copying   0x0007a4    program     static                          
                  endloop   0x000910    program     static                          
               init_appli   0x0000e0    program     extern C:\Users\yv066840\Desktop\TD2\td2-p1.c
             init_it_int0   0x0000c0    program     extern C:\Users\yv066840\Desktop\TD2\it.h
             init_it_int1   0x0000c6    program     extern C:\Users\yv066840\Desktop\TD2\it.h
             init_it_tmr0   0x0000cc    program     extern C:\Users\yv066840\Desktop\TD2\it.h
                 int_vect   0x000008    program     extern C:\Users\yv066840\Desktop\TD2\it.h
                       it   0x00000e    program     extern C:\Users\yv066840\Desktop\TD2\it.h
                  it_int0   0x0001d0    program     extern C:\Users\yv066840\Desktop\TD2\td2-p1.c
                  it_int1   0x0001ec    program     extern C:\Users\yv066840\Desktop\TD2\td2-p1.c
                  it_tmr0   0x0001ee    program     extern C:\Users\yv066840\Desktop\TD2\td2-p1.c
                 jANotInf   0x000468    program     static C:\MCC18\src\traditional\math\divFP.asm
                jANotZero   0x00047c    program     static C:\MCC18\src\traditional\math\divFP.asm
                    jExit   0x000610    program     static C:\MCC18\src\traditional\math\castFP32.asm
                jI2F32Beg   0x000430    program     static C:\MCC18\src\traditional\math\cast32FP.asm
                    jLoop   0x0005e4    program     static C:\MCC18\src\traditional\math\castFP32.asm
                    jLoop   0x0004a4    program     static C:\MCC18\src\traditional\math\divFP.asm
                jLoopExit   0x0005f8    program     static C:\MCC18\src\traditional\math\castFP32.asm
                     jMax   0x0005b4    program     static C:\MCC18\src\traditional\math\castFP32.asm
                  jMaxNeg   0x0005c6    program     static C:\MCC18\src\traditional\math\castFP32.asm
                  jMaxPos   0x0005b8    program     static C:\MCC18\src\traditional\math\castFP32.asm
                    jNext   0x0004ca    program     static C:\MCC18\src\traditional\math\divFP.asm
                jNoAdjust   0x0004c8    program     static C:\MCC18\src\traditional\math\divFP.asm
                  jNotInf   0x0005d2    program     static C:\MCC18\src\traditional\math\castFP32.asm
                  jPkLoop   0x000658    program     static C:\MCC18\src\traditional\math\packFP.asm
             jPkRoundDone   0x0006a2    program     static C:\MCC18\src\traditional\math\packFP.asm
               jPkRoundIt   0x00068a    program     static C:\MCC18\src\traditional\math\packFP.asm
             jPkShiftDone   0x000674    program     static C:\MCC18\src\traditional\math\packFP.asm
           jReturnPosInf0   0x00062e    program     static C:\MCC18\src\traditional\math\packFP.asm
              jSignedZero   0x000472    program     static C:\MCC18\src\traditional\math\divFP.asm
                  jUnpkA1   0x0006cc    program     static C:\MCC18\src\traditional\math\UnpackFP.asm
                  jUnpkA2   0x0006e4    program     static C:\MCC18\src\traditional\math\UnpackFP.asm
                 jUnpkANZ   0x0006da    program     static C:\MCC18\src\traditional\math\UnpackFP.asm
                  jUnpkB1   0x0006fc    program     static C:\MCC18\src\traditional\math\UnpackFP.asm
                  jUnpkB2   0x000714    program     static C:\MCC18\src\traditional\math\UnpackFP.asm
                 jUnpkBNZ   0x00070a    program     static C:\MCC18\src\traditional\math\UnpackFP.asm
                 jUnpkNaN   0x0006ee    program     static C:\MCC18\src\traditional\math\UnpackFP.asm
                   jWr123   0x0005be    program     static C:\MCC18\src\traditional\math\castFP32.asm
                  jWrZ123   0x0005ce    program     static C:\MCC18\src\traditional\math\castFP32.asm
                    jZero   0x0005cc    program     static C:\MCC18\src\traditional\math\castFP32.asm
               jZero1and2   0x000632    program     static C:\MCC18\src\traditional\math\packFP.asm
                     loop   0x0008f4    program     static                          
                     loop   0x000926    program     static                          
                     loop   0x0007ca    program     static                          
                     main   0x0001f0    program     extern C:\Users\yv066840\Desktop\TD2\td2-p1.c
                     test   0x000738    program     static                          
                   ADCON0   0x000fc2       data     extern C:\MCC18\src\traditional\proc\p18F452.asm
               ADCON0bits   0x000fc2       data     extern C:\MCC18\src\traditional\proc\p18F452.asm
                   ADCON1   0x000fc1       data     extern C:\MCC18\src\traditional\proc\p18F452.asm
               ADCON1bits   0x000fc1       data     extern C:\MCC18\src\traditional\proc\p18F452.asm
                    ADRES   0x000fc3       data     extern C:\MCC18\src\traditional\proc\p18F452.asm
                   ADRESH   0x000fc4       data     extern C:\MCC18\src\traditional\proc\p18F452.asm
                   ADRESL   0x000fc3       data     extern C:\MCC18\src\traditional\proc\p18F452.asm
                      BSR   0x000fe0       data     extern C:\MCC18\src\traditional\proc\p18F452.asm
                  CCP1CON   0x000fbd       data     extern C:\MCC18\src\traditional\proc\p18F452.asm
              CCP1CONbits   0x000fbd       data     extern C:\MCC18\src\traditional\proc\p18F452.asm
                  CCP2CON   0x000fba       data     extern C:\MCC18\src\traditional\proc\p18F452.asm
              CCP2CONbits   0x000fba       data     extern C:\MCC18\src\traditional\proc\p18F452.asm
                    CCPR1   0x000fbe       data     extern C:\MCC18\src\traditional\proc\p18F452.asm
                   CCPR1H   0x000fbf       data     extern C:\MCC18\src\traditional\proc\p18F452.asm
                   CCPR1L   0x000fbe       data     extern C:\MCC18\src\traditional\proc\p18F452.asm
                    CCPR2   0x000fbb       data     extern C:\MCC18\src\traditional\proc\p18F452.asm
                   CCPR2H   0x000fbc       data     extern C:\MCC18\src\traditional\proc\p18F452.asm
                   CCPR2L   0x000fbb       data     extern C:\MCC18\src\traditional\proc\p18F452.asm
                     DDRA   0x000f92       data     extern C:\MCC18\src\traditional\proc\p18F452.asm
                 DDRAbits   0x000f92       data     extern C:\MCC18\src\traditional\proc\p18F452.asm
                     DDRB   0x000f93       data     extern C:\MCC18\src\traditional\proc\p18F452.asm
                 DDRBbits   0x000f93       data     extern C:\MCC18\src\traditional\proc\p18F452.asm
                     DDRC   0x000f94       data     extern C:\MCC18\src\traditional\proc\p18F452.asm
                 DDRCbits   0x000f94       data     extern C:\MCC18\src\traditional\proc\p18F452.asm
                     DDRD   0x000f95       data     extern C:\MCC18\src\traditional\proc\p18F452.asm
                 DDRDbits   0x000f95       data     extern C:\MCC18\src\traditional\proc\p18F452.asm
                     DDRE   0x000f96       data     extern C:\MCC18\src\traditional\proc\p18F452.asm
                 DDREbits   0x000f96       data     extern C:\MCC18\src\traditional\proc\p18F452.asm
            DelayCounter1   0x00001d       data     extern C:\MCC18\src\traditional\delays\delayd1.asm
            DelayCounter2   0x00001c       data     extern C:\MCC18\src\traditional\delays\delayd2.asm
                    EEADR   0x000fa9       data     extern C:\MCC18\src\traditional\proc\p18F452.asm
                   EECON1   0x000fa6       data     extern C:\MCC18\src\traditional\proc\p18F452.asm
               EECON1bits   0x000fa6       data     extern C:\MCC18\src\traditional\proc\p18F452.asm
                   EECON2   0x000fa7       data     extern C:\MCC18\src\traditional\proc\p18F452.asm
                   EEDATA   0x000fa8       data     extern C:\MCC18\src\traditional\proc\p18F452.asm
                     FSR0   0x000fe9       data     extern C:\MCC18\src\traditional\proc\p18F452.asm
                    FSR0H   0x000fea       data     extern C:\MCC18\src\traditional\proc\p18F452.asm
                    FSR0L   0x000fe9       data     extern C:\MCC18\src\traditional\proc\p18F452.asm
                     FSR1   0x000fe1       data     extern C:\MCC18\src\traditional\proc\p18F452.asm
                    FSR1H   0x000fe2       data     extern C:\MCC18\src\traditional\proc\p18F452.asm
                    FSR1L   0x000fe1       data     extern C:\MCC18\src\traditional\proc\p18F452.asm
                     FSR2   0x000fd9       data     extern C:\MCC18\src\traditional\proc\p18F452.asm
                    FSR2H   0x000fda       data     extern C:\MCC18\src\traditional\proc\p18F452.asm
                    FSR2L   0x000fd9       data     extern C:\MCC18\src\traditional\proc\p18F452.asm
                    INDF0   0x000fef       data     extern C:\MCC18\src\traditional\proc\p18F452.asm
                    INDF1   0x000fe7       data     extern C:\MCC18\src\traditional\proc\p18F452.asm
                    INDF2   0x000fdf       data     extern C:\MCC18\src\traditional\proc\p18F452.asm
                   INTCON   0x000ff2       data     extern C:\MCC18\src\traditional\proc\p18F452.asm
                  INTCON2   0x000ff1       data     extern C:\MCC18\src\traditional\proc\p18F452.asm
              INTCON2bits   0x000ff1       data     extern C:\MCC18\src\traditional\proc\p18F452.asm
                  INTCON3   0x000ff0       data     extern C:\MCC18\src\traditional\proc\p18F452.asm
              INTCON3bits   0x000ff0       data     extern C:\MCC18\src\traditional\proc\p18F452.asm
               INTCONbits   0x000ff2       data     extern C:\MCC18\src\traditional\proc\p18F452.asm
                     IPR1   0x000f9f       data     extern C:\MCC18\src\traditional\proc\p18F452.asm
                 IPR1bits   0x000f9f       data     extern C:\MCC18\src\traditional\proc\p18F452.asm
                     IPR2   0x000fa2       data     extern C:\MCC18\src\traditional\proc\p18F452.asm
                 IPR2bits   0x000fa2       data     extern C:\MCC18\src\traditional\proc\p18F452.asm
                     LATA   0x000f89       data     extern C:\MCC18\src\traditional\proc\p18F452.asm
                 LATAbits   0x000f89       data     extern C:\MCC18\src\traditional\proc\p18F452.asm
                     LATB   0x000f8a       data     extern C:\MCC18\src\traditional\proc\p18F452.asm
                 LATBbits   0x000f8a       data     extern C:\MCC18\src\traditional\proc\p18F452.asm
                     LATC   0x000f8b       data     extern C:\MCC18\src\traditional\proc\p18F452.asm
                 LATCbits   0x000f8b       data     extern C:\MCC18\src\traditional\proc\p18F452.asm
                     LATD   0x000f8c       data     extern C:\MCC18\src\traditional\proc\p18F452.asm
                 LATDbits   0x000f8c       data     extern C:\MCC18\src\traditional\proc\p18F452.asm
                     LATE   0x000f8d       data     extern C:\MCC18\src\traditional\proc\p18F452.asm
                 LATEbits   0x000f8d       data     extern C:\MCC18\src\traditional\proc\p18F452.asm
                   LVDCON   0x000fd2       data     extern C:\MCC18\src\traditional\proc\p18F452.asm
               LVDCONbits   0x000fd2       data     extern C:\MCC18\src\traditional\proc\p18F452.asm
                   OSCCON   0x000fd3       data     extern C:\MCC18\src\traditional\proc\p18F452.asm
               OSCCONbits   0x000fd3       data     extern C:\MCC18\src\traditional\proc\p18F452.asm
                       PC   0x000ff9       data     extern C:\MCC18\src\traditional\proc\p18F452.asm
                      PCL   0x000ff9       data     extern C:\MCC18\src\traditional\proc\p18F452.asm
                   PCLATH   0x000ffa       data     extern C:\MCC18\src\traditional\proc\p18F452.asm
                   PCLATU   0x000ffb       data     extern C:\MCC18\src\traditional\proc\p18F452.asm
                     PIE1   0x000f9d       data     extern C:\MCC18\src\traditional\proc\p18F452.asm
                 PIE1bits   0x000f9d       data     extern C:\MCC18\src\traditional\proc\p18F452.asm
                     PIE2   0x000fa0       data     extern C:\MCC18\src\traditional\proc\p18F452.asm
                 PIE2bits   0x000fa0       data     extern C:\MCC18\src\traditional\proc\p18F452.asm
                     PIR1   0x000f9e       data     extern C:\MCC18\src\traditional\proc\p18F452.asm
                 PIR1bits   0x000f9e       data     extern C:\MCC18\src\traditional\proc\p18F452.asm
                     PIR2   0x000fa1       data     extern C:\MCC18\src\traditional\proc\p18F452.asm
                 PIR2bits   0x000fa1       data     extern C:\MCC18\src\traditional\proc\p18F452.asm
                   PLUSW0   0x000feb       data     extern C:\MCC18\src\traditional\proc\p18F452.asm
                   PLUSW1   0x000fe3       data     extern C:\MCC18\src\traditional\proc\p18F452.asm
                   PLUSW2   0x000fdb       data     extern C:\MCC18\src\traditional\proc\p18F452.asm
                    PORTA   0x000f80       data     extern C:\MCC18\src\traditional\proc\p18F452.asm
                PORTAbits   0x000f80       data     extern C:\MCC18\src\traditional\proc\p18F452.asm
                    PORTB   0x000f81       data     extern C:\MCC18\src\traditional\proc\p18F452.asm
                PORTBbits   0x000f81       data     extern C:\MCC18\src\traditional\proc\p18F452.asm
                    PORTC   0x000f82       data     extern C:\MCC18\src\traditional\proc\p18F452.asm
                PORTCbits   0x000f82       data     extern C:\MCC18\src\traditional\proc\p18F452.asm
                    PORTD   0x000f83       data     extern C:\MCC18\src\traditional\proc\p18F452.asm
                PORTDbits   0x000f83       data     extern C:\MCC18\src\traditional\proc\p18F452.asm
                    PORTE   0x000f84       data     extern C:\MCC18\src\traditional\proc\p18F452.asm
                PORTEbits   0x000f84       data     extern C:\MCC18\src\traditional\proc\p18F452.asm
                 POSTDEC0   0x000fed       data     extern C:\MCC18\src\traditional\proc\p18F452.asm
                 POSTDEC1   0x000fe5       data     extern C:\MCC18\src\traditional\proc\p18F452.asm
                 POSTDEC2   0x000fdd       data     extern C:\MCC18\src\traditional\proc\p18F452.asm
                 POSTINC0   0x000fee       data     extern C:\MCC18\src\traditional\proc\p18F452.asm
                 POSTINC1   0x000fe6       data     extern C:\MCC18\src\traditional\proc\p18F452.asm
                 POSTINC2   0x000fde       data     extern C:\MCC18\src\traditional\proc\p18F452.asm
                      PR2   0x000fcb       data     extern C:\MCC18\src\traditional\proc\p18F452.asm
                  PREINC0   0x000fec       data     extern C:\MCC18\src\traditional\proc\p18F452.asm
                  PREINC1   0x000fe4       data     extern C:\MCC18\src\traditional\proc\p18F452.asm
                  PREINC2   0x000fdc       data     extern C:\MCC18\src\traditional\proc\p18F452.asm
                     PROD   0x000ff3       data     extern C:\MCC18\src\traditional\proc\p18F452.asm
                    PRODH   0x000ff4       data     extern C:\MCC18\src\traditional\proc\p18F452.asm
                    PRODL   0x000ff3       data     extern C:\MCC18\src\traditional\proc\p18F452.asm
                     RCON   0x000fd0       data     extern C:\MCC18\src\traditional\proc\p18F452.asm
                 RCONbits   0x000fd0       data     extern C:\MCC18\src\traditional\proc\p18F452.asm
                    RCREG   0x000fae       data     extern C:\MCC18\src\traditional\proc\p18F452.asm
                    RCSTA   0x000fab       data     extern C:\MCC18\src\traditional\proc\p18F452.asm
                RCSTAbits   0x000fab       data     extern C:\MCC18\src\traditional\proc\p18F452.asm
                     SIGN   0x000000       data     extern C:\MCC18\src\traditional\math\cmath18.asm
                    SPBRG   0x000faf       data     extern C:\MCC18\src\traditional\proc\p18F452.asm
                   SSPADD   0x000fc8       data     extern C:\MCC18\src\traditional\proc\p18F452.asm
                   SSPBUF   0x000fc9       data     extern C:\MCC18\src\traditional\proc\p18F452.asm
                  SSPCON1   0x000fc6       data     extern C:\MCC18\src\traditional\proc\p18F452.asm
              SSPCON1bits   0x000fc6       data     extern C:\MCC18\src\traditional\proc\p18F452.asm
                  SSPCON2   0x000fc5       data     extern C:\MCC18\src\traditional\proc\p18F452.asm
              SSPCON2bits   0x000fc5       data     extern C:\MCC18\src\traditional\proc\p18F452.asm
                  SSPSTAT   0x000fc7       data     extern C:\MCC18\src\traditional\proc\p18F452.asm
              SSPSTATbits   0x000fc7       data     extern C:\MCC18\src\traditional\proc\p18F452.asm
                   STATUS   0x000fd8       data     extern C:\MCC18\src\traditional\proc\p18F452.asm
               STATUSbits   0x000fd8       data     extern C:\MCC18\src\traditional\proc\p18F452.asm
                   STKPTR   0x000ffc       data     extern C:\MCC18\src\traditional\proc\p18F452.asm
               STKPTRbits   0x000ffc       data     extern C:\MCC18\src\traditional\proc\p18F452.asm
                    T0CON   0x000fd5       data     extern C:\MCC18\src\traditional\proc\p18F452.asm
                T0CONbits   0x000fd5       data     extern C:\MCC18\src\traditional\proc\p18F452.asm
                    T1CON   0x000fcd       data     extern C:\MCC18\src\traditional\proc\p18F452.asm
                T1CONbits   0x000fcd       data     extern C:\MCC18\src\traditional\proc\p18F452.asm
                    T2CON   0x000fca       data     extern C:\MCC18\src\traditional\proc\p18F452.asm
                T2CONbits   0x000fca       data     extern C:\MCC18\src\traditional\proc\p18F452.asm
                    T3CON   0x000fb1       data     extern C:\MCC18\src\traditional\proc\p18F452.asm
                T3CONbits   0x000fb1       data     extern C:\MCC18\src\traditional\proc\p18F452.asm
                   TABLAT   0x000ff5       data     extern C:\MCC18\src\traditional\proc\p18F452.asm
                   TBLPTR   0x000ff6       data     extern C:\MCC18\src\traditional\proc\p18F452.asm
                  TBLPTRH   0x000ff7       data     extern C:\MCC18\src\traditional\proc\p18F452.asm
                  TBLPTRL   0x000ff6       data     extern C:\MCC18\src\traditional\proc\p18F452.asm
                  TBLPTRU   0x000ff8       data     extern C:\MCC18\src\traditional\proc\p18F452.asm
                    TMR0H   0x000fd7       data     extern C:\MCC18\src\traditional\proc\p18F452.asm
                    TMR0L   0x000fd6       data     extern C:\MCC18\src\traditional\proc\p18F452.asm
                    TMR1H   0x000fcf       data     extern C:\MCC18\src\traditional\proc\p18F452.asm
                    TMR1L   0x000fce       data     extern C:\MCC18\src\traditional\proc\p18F452.asm
                     TMR2   0x000fcc       data     extern C:\MCC18\src\traditional\proc\p18F452.asm
                    TMR3H   0x000fb3       data     extern C:\MCC18\src\traditional\proc\p18F452.asm
                    TMR3L   0x000fb2       data     extern C:\MCC18\src\traditional\proc\p18F452.asm
                      TOS   0x000ffd       data     extern C:\MCC18\src\traditional\proc\p18F452.asm
                     TOSH   0x000ffe       data     extern C:\MCC18\src\traditional\proc\p18F452.asm
                     TOSL   0x000ffd       data     extern C:\MCC18\src\traditional\proc\p18F452.asm
                     TOSU   0x000fff       data     extern C:\MCC18\src\traditional\proc\p18F452.asm
                    TRISA   0x000f92       data     extern C:\MCC18\src\traditional\proc\p18F452.asm
                TRISAbits   0x000f92       data     extern C:\MCC18\src\traditional\proc\p18F452.asm
                    TRISB   0x000f93       data     extern C:\MCC18\src\traditional\proc\p18F452.asm
                TRISBbits   0x000f93       data     extern C:\MCC18\src\traditional\proc\p18F452.asm
                    TRISC   0x000f94       data     extern C:\MCC18\src\traditional\proc\p18F452.asm
                TRISCbits   0x000f94       data     extern C:\MCC18\src\traditional\proc\p18F452.asm
                    TRISD   0x000f95       data     extern C:\MCC18\src\traditional\proc\p18F452.asm
                TRISDbits   0x000f95       data     extern C:\MCC18\src\traditional\proc\p18F452.asm
                    TRISE   0x000f96       data     extern C:\MCC18\src\traditional\proc\p18F452.asm
                TRISEbits   0x000f96       data     extern C:\MCC18\src\traditional\proc\p18F452.asm
                    TXREG   0x000fad       data     extern C:\MCC18\src\traditional\proc\p18F452.asm
                    TXSTA   0x000fac       data     extern C:\MCC18\src\traditional\proc\p18F452.asm
                TXSTAbits   0x000fac       data     extern C:\MCC18\src\traditional\proc\p18F452.asm
                        W   0x000fe8       data     extern C:\MCC18\src\traditional\proc\p18F452.asm
                   WDTCON   0x000fd1       data     extern C:\MCC18\src\traditional\proc\p18F452.asm
               WDTCONbits   0x000fd1       data     extern C:\MCC18\src\traditional\proc\p18F452.asm
                     WREG   0x000fe8       data     extern C:\MCC18\src\traditional\proc\p18F452.asm
                 __AARGB0   0x000009       data     extern C:\MCC18\src\traditional\math\aarg.asm
                 __AARGB1   0x000008       data     extern C:\MCC18\src\traditional\math\aarg.asm
                 __AARGB2   0x000007       data     extern C:\MCC18\src\traditional\math\aarg.asm
                 __AARGB3   0x000006       data     extern C:\MCC18\src\traditional\math\aarg.asm
                 __AARGB4   0x000005       data     extern C:\MCC18\src\traditional\math\aarg.asm
                 __AARGB5   0x000004       data     extern C:\MCC18\src\traditional\math\aarg.asm
                 __AARGB6   0x000003       data     extern C:\MCC18\src\traditional\math\aarg.asm
                 __AARGB7   0x000002       data     extern C:\MCC18\src\traditional\math\aarg.asm
                   __AEXP   0x00000a       data     extern C:\MCC18\src\traditional\math\aarg.asm
                 __BARGB0   0x00000e       data     extern C:\MCC18\src\traditional\math\barg.asm
                 __BARGB1   0x00000d       data     extern C:\MCC18\src\traditional\math\barg.asm
                 __BARGB2   0x00000c       data     extern C:\MCC18\src\traditional\math\barg.asm
                 __BARGB3   0x00000b       data     extern C:\MCC18\src\traditional\math\barg.asm
                   __BEXP   0x00000f       data     extern C:\MCC18\src\traditional\math\barg.asm
                __FPFLAGS   0x000001       data     extern C:\MCC18\src\traditional\math\cmath18.asm
            __FPFLAGSbits   0x000001       data     extern C:\MCC18\src\traditional\math\cmath18.asm
                  __REMB0   0x000005       data     extern C:\MCC18\src\traditional\math\aarg.asm
                  __REMB1   0x000004       data     extern C:\MCC18\src\traditional\math\aarg.asm
                  __REMB2   0x000003       data     extern C:\MCC18\src\traditional\math\aarg.asm
                  __REMB3   0x000002       data     extern C:\MCC18\src\traditional\math\aarg.asm
                   __TEMP   0x000013       data     extern C:\MCC18\src\traditional\math\temparg.asm
                 __TEMPB0   0x000013       data     extern C:\MCC18\src\traditional\math\temparg.asm
                 __TEMPB1   0x000012       data     extern C:\MCC18\src\traditional\math\temparg.asm
                 __TEMPB2   0x000011       data     extern C:\MCC18\src\traditional\math\temparg.asm
                 __TEMPB3   0x000010       data     extern C:\MCC18\src\traditional\math\temparg.asm
                  __tmp_0   0x000014       data     static C:\MCC18\src\pmc_common\Timers\t1read.c
                  __tmp_0   0x000014       data     static C:\Users\yv066840\Desktop\TD2\td2-p1.c
                curr_byte   0x000083       data     static C:\MCC18\src\traditional\startup\c018i.c
               curr_entry   0x000085       data     static C:\MCC18\src\traditional\startup\c018i.c
                 data_ptr   0x000087       data     static C:\MCC18\src\traditional\startup\c018i.c
                     prom   0x000080       data     static C:\MCC18\src\traditional\startup\c018i.c
                val_timer   0x00008a       data     extern C:\Users\yv066840\Desktop\TD2\td2-p1.c



                              Symbols - Sorted by Address
                     Name    Address   Location    Storage File                     
                ---------  ---------  ---------  --------- ---------                
                   _entry   0x000000    program     extern C:\MCC18\src\traditional\startup\c018i.c
       ___return_lbl00000   0x000004    program     static                          
                 int_vect   0x000008    program     extern C:\Users\yv066840\Desktop\TD2\it.h
       ___return_lbl00000   0x00000c    program     static                          
                       it   0x00000e    program     extern C:\Users\yv066840\Desktop\TD2\it.h
             init_it_int0   0x0000c0    program     extern C:\Users\yv066840\Desktop\TD2\it.h
             init_it_int1   0x0000c6    program     extern C:\Users\yv066840\Desktop\TD2\it.h
             init_it_tmr0   0x0000cc    program     extern C:\Users\yv066840\Desktop\TD2\it.h
               init_appli   0x0000e0    program     extern C:\Users\yv066840\Desktop\TD2\td2-p1.c
               affich_kmh   0x0000fc    program     extern C:\Users\yv066840\Desktop\TD2\td2-p1.c
                  it_int0   0x0001d0    program     extern C:\Users\yv066840\Desktop\TD2\td2-p1.c
                  it_int1   0x0001ec    program     extern C:\Users\yv066840\Desktop\TD2\td2-p1.c
                  it_tmr0   0x0001ee    program     extern C:\Users\yv066840\Desktop\TD2\td2-p1.c
                     main   0x0001f0    program     extern C:\Users\yv066840\Desktop\TD2\td2-p1.c
                 FLO3232U   0x000414    program     extern C:\MCC18\src\traditional\math\cast32FP.asm
                 FLO3232S   0x000418    program     extern C:\MCC18\src\traditional\math\cast32FP.asm
                jI2F32Beg   0x000430    program     static C:\MCC18\src\traditional\math\cast32FP.asm
                    FPD32   0x00044a    program     extern C:\MCC18\src\traditional\math\divFP.asm
                 jANotInf   0x000468    program     static C:\MCC18\src\traditional\math\divFP.asm
              jSignedZero   0x000472    program     static C:\MCC18\src\traditional\math\divFP.asm
                jANotZero   0x00047c    program     static C:\MCC18\src\traditional\math\divFP.asm
                    jLoop   0x0004a4    program     static C:\MCC18\src\traditional\math\divFP.asm
                jNoAdjust   0x0004c8    program     static C:\MCC18\src\traditional\math\divFP.asm
                    jNext   0x0004ca    program     static C:\MCC18\src\traditional\math\divFP.asm
                 FXD1616S   0x0004f0    program     extern C:\MCC18\src\traditional\math\fxd1616s.asm
                  DA1616S   0x000502    program     static C:\MCC18\src\traditional\math\fxd1616s.asm
                   D1616S   0x000512    program     static C:\MCC18\src\traditional\math\fxd1616s.asm
                 D1616SOK   0x00051c    program     static C:\MCC18\src\traditional\math\fxd1616s.asm
                D1616SNEG   0x000520    program     static C:\MCC18\src\traditional\math\fxd1616s.asm
                  D1616SX   0x000532    program     static C:\MCC18\src\traditional\math\fxd1616s.asm
                 FXD3232S   0x00053c    program     extern C:\MCC18\src\traditional\math\fxd3232s.asm
                  DA3232S   0x000556    program     static C:\MCC18\src\traditional\math\fxd3232s.asm
                   D3232S   0x00056c    program     static C:\MCC18\src\traditional\math\fxd3232s.asm
                 D3232SOK   0x000576    program     static C:\MCC18\src\traditional\math\fxd3232s.asm
                D3232SNEG   0x00057a    program     static C:\MCC18\src\traditional\math\fxd3232s.asm
                  D3232SX   0x00059a    program     static C:\MCC18\src\traditional\math\fxd3232s.asm
                  INT3232   0x0005a4    program     extern C:\MCC18\src\traditional\math\castFP32.asm
                     jMax   0x0005b4    program     static C:\MCC18\src\traditional\math\castFP32.asm
                  jMaxPos   0x0005b8    program     static C:\MCC18\src\traditional\math\castFP32.asm
                   jWr123   0x0005be    program     static C:\MCC18\src\traditional\math\castFP32.asm
                  jMaxNeg   0x0005c6    program     static C:\MCC18\src\traditional\math\castFP32.asm
                    jZero   0x0005cc    program     static C:\MCC18\src\traditional\math\castFP32.asm
                  jWrZ123   0x0005ce    program     static C:\MCC18\src\traditional\math\castFP32.asm
                  jNotInf   0x0005d2    program     static C:\MCC18\src\traditional\math\castFP32.asm
                    jLoop   0x0005e4    program     static C:\MCC18\src\traditional\math\castFP32.asm
                jLoopExit   0x0005f8    program     static C:\MCC18\src\traditional\math\castFP32.asm
                    jExit   0x000610    program     static C:\MCC18\src\traditional\math\castFP32.asm
            __FpReturnNaN   0x000612    program     extern C:\MCC18\src\traditional\math\packFP.asm
                 __FpExit   0x00061e    program     extern C:\MCC18\src\traditional\math\packFP.asm
        __FpReturnSignInf   0x000620    program     extern C:\MCC18\src\traditional\math\packFP.asm
         __FpReturnNegInf   0x000624    program     extern C:\MCC18\src\traditional\math\packFP.asm
         __FpReturnPosInf   0x00062a    program     extern C:\MCC18\src\traditional\math\packFP.asm
           jReturnPosInf0   0x00062e    program     static C:\MCC18\src\traditional\math\packFP.asm
               jZero1and2   0x000632    program     static C:\MCC18\src\traditional\math\packFP.asm
       __FpReturnSignZero   0x000638    program     extern C:\MCC18\src\traditional\math\packFP.asm
        __FpReturnNegZero   0x00063c    program     extern C:\MCC18\src\traditional\math\packFP.asm
        __FpReturnPosZero   0x000644    program     extern C:\MCC18\src\traditional\math\packFP.asm
                 __FpPack   0x00064a    program     extern C:\MCC18\src\traditional\math\packFP.asm
                  jPkLoop   0x000658    program     static C:\MCC18\src\traditional\math\packFP.asm
             jPkShiftDone   0x000674    program     static C:\MCC18\src\traditional\math\packFP.asm
               jPkRoundIt   0x00068a    program     static C:\MCC18\src\traditional\math\packFP.asm
             jPkRoundDone   0x0006a2    program     static C:\MCC18\src\traditional\math\packFP.asm
              __FpReturnW   0x0006a2    program     extern C:\MCC18\src\traditional\math\packFP.asm
              __FpUnPackA   0x0006c2    program     extern C:\MCC18\src\traditional\math\UnpackFP.asm
                  jUnpkA1   0x0006cc    program     static C:\MCC18\src\traditional\math\UnpackFP.asm
                 jUnpkANZ   0x0006da    program     static C:\MCC18\src\traditional\math\UnpackFP.asm
                  jUnpkA2   0x0006e4    program     static C:\MCC18\src\traditional\math\UnpackFP.asm
                 jUnpkNaN   0x0006ee    program     static C:\MCC18\src\traditional\math\UnpackFP.asm
              __FpUnPackB   0x0006f2    program     extern C:\MCC18\src\traditional\math\UnpackFP.asm
                  jUnpkB1   0x0006fc    program     static C:\MCC18\src\traditional\math\UnpackFP.asm
                 jUnpkBNZ   0x00070a    program     static C:\MCC18\src\traditional\math\UnpackFP.asm
                  jUnpkB2   0x000714    program     static C:\MCC18\src\traditional\math\UnpackFP.asm
                _do_cinit   0x00071e    program     extern C:\MCC18\src\traditional\startup\c018i.c
                     test   0x000738    program     static                          
                copy_loop   0x000790    program     static                          
            copy_one_byte   0x000796    program     static                          
             done_copying   0x0007a4    program     static                          
                     done   0x0007ba    program     static                          
       ___return_lbl00002   0x0007ba    program     static                          
                 FXD3232U   0x0007bc    program     extern C:\MCC18\src\traditional\math\fxd3232u.c
                     loop   0x0007ca    program     static                          
                   _false   0x0007fe    program     static                          
       ___return_lbl00000   0x000802    program     static                          
               OpenTimer1   0x000804    program     extern C:\MCC18\src\pmc_common\Timers\t1open.c
               ReadTimer1   0x000846    program     extern C:\MCC18\src\pmc_common\Timers\t1read.c
              WriteTimer1   0x000884    program     extern C:\MCC18\src\pmc_common\Timers\t1write.c
             Delay10KTCYx   0x0008bc    program     extern C:\MCC18\src\traditional\delays\d10ktcyx.asm
                    D10Kx   0x0008c6    program     static C:\MCC18\src\traditional\delays\d10ktcyx.asm
                   D10K_1   0x0008c8    program     static C:\MCC18\src\traditional\delays\d10ktcyx.asm
       _D10KTCYXCODE_0010   0x0008cc    program     static C:\MCC18\src\traditional\delays\d10ktcyx.asm
                    D10Kl   0x0008d4    program     static C:\MCC18\src\traditional\delays\d10ktcyx.asm
       _D10KTCYXCODE_001C   0x0008d8    program     static C:\MCC18\src\traditional\delays\d10ktcyx.asm
                 FXD1616U   0x0008ea    program     extern C:\MCC18\src\traditional\math\fxd1616u.c
                     loop   0x0008f4    program     static                          
                  endloop   0x000910    program     static                          
       ___return_lbl00000   0x000914    program     static                          
                 _startup   0x000916    program     extern C:\MCC18\src\traditional\startup\c018i.c
                     loop   0x000926    program     static                          
       ___return_lbl00001   0x000930    program     static                          
            __zero_memory   0x000932    program     extern C:\MCC18\src\traditional\proc\p18F452.asm
               clear_loop   0x000938    program     static C:\MCC18\src\traditional\proc\p18F452.asm
                   __init   0x000940    program     extern C:\MCC18\src\traditional\stdclib\__init.c
                     SIGN   0x000000       data     extern C:\MCC18\src\traditional\math\cmath18.asm
                __FPFLAGS   0x000001       data     extern C:\MCC18\src\traditional\math\cmath18.asm
            __FPFLAGSbits   0x000001       data     extern C:\MCC18\src\traditional\math\cmath18.asm
                  __REMB3   0x000002       data     extern C:\MCC18\src\traditional\math\aarg.asm
                 __AARGB7   0x000002       data     extern C:\MCC18\src\traditional\math\aarg.asm
                  __REMB2   0x000003       data     extern C:\MCC18\src\traditional\math\aarg.asm
                 __AARGB6   0x000003       data     extern C:\MCC18\src\traditional\math\aarg.asm
                  __REMB1   0x000004       data     extern C:\MCC18\src\traditional\math\aarg.asm
                 __AARGB5   0x000004       data     extern C:\MCC18\src\traditional\math\aarg.asm
                  __REMB0   0x000005       data     extern C:\MCC18\src\traditional\math\aarg.asm
                 __AARGB4   0x000005       data     extern C:\MCC18\src\traditional\math\aarg.asm
                 __AARGB3   0x000006       data     extern C:\MCC18\src\traditional\math\aarg.asm
                 __AARGB2   0x000007       data     extern C:\MCC18\src\traditional\math\aarg.asm
                 __AARGB1   0x000008       data     extern C:\MCC18\src\traditional\math\aarg.asm
                 __AARGB0   0x000009       data     extern C:\MCC18\src\traditional\math\aarg.asm
                   __AEXP   0x00000a       data     extern C:\MCC18\src\traditional\math\aarg.asm
                 __BARGB3   0x00000b       data     extern C:\MCC18\src\traditional\math\barg.asm
                 __BARGB2   0x00000c       data     extern C:\MCC18\src\traditional\math\barg.asm
                 __BARGB1   0x00000d       data     extern C:\MCC18\src\traditional\math\barg.asm
                 __BARGB0   0x00000e       data     extern C:\MCC18\src\traditional\math\barg.asm
                   __BEXP   0x00000f       data     extern C:\MCC18\src\traditional\math\barg.asm
                 __TEMPB3   0x000010       data     extern C:\MCC18\src\traditional\math\temparg.asm
                 __TEMPB2   0x000011       data     extern C:\MCC18\src\traditional\math\temparg.asm
                 __TEMPB1   0x000012       data     extern C:\MCC18\src\traditional\math\temparg.asm
                 __TEMPB0   0x000013       data     extern C:\MCC18\src\traditional\math\temparg.asm
                   __TEMP   0x000013       data     extern C:\MCC18\src\traditional\math\temparg.asm
                  __tmp_0   0x000014       data     static C:\MCC18\src\pmc_common\Timers\t1read.c
                  __tmp_0   0x000014       data     static C:\Users\yv066840\Desktop\TD2\td2-p1.c
            DelayCounter2   0x00001c       data     extern C:\MCC18\src\traditional\delays\delayd2.asm
            DelayCounter1   0x00001d       data     extern C:\MCC18\src\traditional\delays\delayd1.asm
                     prom   0x000080       data     static C:\MCC18\src\traditional\startup\c018i.c
                curr_byte   0x000083       data     static C:\MCC18\src\traditional\startup\c018i.c
               curr_entry   0x000085       data     static C:\MCC18\src\traditional\startup\c018i.c
                 data_ptr   0x000087       data     static C:\MCC18\src\traditional\startup\c018i.c
                val_timer   0x00008a       data     extern C:\Users\yv066840\Desktop\TD2\td2-p1.c
                PORTAbits   0x000f80       data     extern C:\MCC18\src\traditional\proc\p18F452.asm
                    PORTA   0x000f80       data     extern C:\MCC18\src\traditional\proc\p18F452.asm
                PORTBbits   0x000f81       data     extern C:\MCC18\src\traditional\proc\p18F452.asm
                    PORTB   0x000f81       data     extern C:\MCC18\src\traditional\proc\p18F452.asm
                    PORTC   0x000f82       data     extern C:\MCC18\src\traditional\proc\p18F452.asm
                PORTCbits   0x000f82       data     extern C:\MCC18\src\traditional\proc\p18F452.asm
                PORTDbits   0x000f83       data     extern C:\MCC18\src\traditional\proc\p18F452.asm
                    PORTD   0x000f83       data     extern C:\MCC18\src\traditional\proc\p18F452.asm
                PORTEbits   0x000f84       data     extern C:\MCC18\src\traditional\proc\p18F452.asm
                    PORTE   0x000f84       data     extern C:\MCC18\src\traditional\proc\p18F452.asm
                 LATAbits   0x000f89       data     extern C:\MCC18\src\traditional\proc\p18F452.asm
                     LATA   0x000f89       data     extern C:\MCC18\src\traditional\proc\p18F452.asm
                 LATBbits   0x000f8a       data     extern C:\MCC18\src\traditional\proc\p18F452.asm
                     LATB   0x000f8a       data     extern C:\MCC18\src\traditional\proc\p18F452.asm
                 LATCbits   0x000f8b       data     extern C:\MCC18\src\traditional\proc\p18F452.asm
                     LATC   0x000f8b       data     extern C:\MCC18\src\traditional\proc\p18F452.asm
                 LATDbits   0x000f8c       data     extern C:\MCC18\src\traditional\proc\p18F452.asm
                     LATD   0x000f8c       data     extern C:\MCC18\src\traditional\proc\p18F452.asm
                 LATEbits   0x000f8d       data     extern C:\MCC18\src\traditional\proc\p18F452.asm
                     LATE   0x000f8d       data     extern C:\MCC18\src\traditional\proc\p18F452.asm
                    TRISA   0x000f92       data     extern C:\MCC18\src\traditional\proc\p18F452.asm
                TRISAbits   0x000f92       data     extern C:\MCC18\src\traditional\proc\p18F452.asm
                     DDRA   0x000f92       data     extern C:\MCC18\src\traditional\proc\p18F452.asm
                 DDRAbits   0x000f92       data     extern C:\MCC18\src\traditional\proc\p18F452.asm
                TRISBbits   0x000f93       data     extern C:\MCC18\src\traditional\proc\p18F452.asm
                    TRISB   0x000f93       data     extern C:\MCC18\src\traditional\proc\p18F452.asm
                     DDRB   0x000f93       data     extern C:\MCC18\src\traditional\proc\p18F452.asm
                 DDRBbits   0x000f93       data     extern C:\MCC18\src\traditional\proc\p18F452.asm
                 DDRCbits   0x000f94       data     extern C:\MCC18\src\traditional\proc\p18F452.asm
                     DDRC   0x000f94       data     extern C:\MCC18\src\traditional\proc\p18F452.asm
                    TRISC   0x000f94       data     extern C:\MCC18\src\traditional\proc\p18F452.asm
                TRISCbits   0x000f94       data     extern C:\MCC18\src\traditional\proc\p18F452.asm
                 DDRDbits   0x000f95       data     extern C:\MCC18\src\traditional\proc\p18F452.asm
                     DDRD   0x000f95       data     extern C:\MCC18\src\traditional\proc\p18F452.asm
                    TRISD   0x000f95       data     extern C:\MCC18\src\traditional\proc\p18F452.asm
                TRISDbits   0x000f95       data     extern C:\MCC18\src\traditional\proc\p18F452.asm
                TRISEbits   0x000f96       data     extern C:\MCC18\src\traditional\proc\p18F452.asm
                    TRISE   0x000f96       data     extern C:\MCC18\src\traditional\proc\p18F452.asm
                 DDREbits   0x000f96       data     extern C:\MCC18\src\traditional\proc\p18F452.asm
                     DDRE   0x000f96       data     extern C:\MCC18\src\traditional\proc\p18F452.asm
                     PIE1   0x000f9d       data     extern C:\MCC18\src\traditional\proc\p18F452.asm
                 PIE1bits   0x000f9d       data     extern C:\MCC18\src\traditional\proc\p18F452.asm
                 PIR1bits   0x000f9e       data     extern C:\MCC18\src\traditional\proc\p18F452.asm
                     PIR1   0x000f9e       data     extern C:\MCC18\src\traditional\proc\p18F452.asm
                 IPR1bits   0x000f9f       data     extern C:\MCC18\src\traditional\proc\p18F452.asm
                     IPR1   0x000f9f       data     extern C:\MCC18\src\traditional\proc\p18F452.asm
                 PIE2bits   0x000fa0       data     extern C:\MCC18\src\traditional\proc\p18F452.asm
                     PIE2   0x000fa0       data     extern C:\MCC18\src\traditional\proc\p18F452.asm
                     PIR2   0x000fa1       data     extern C:\MCC18\src\traditional\proc\p18F452.asm
                 PIR2bits   0x000fa1       data     extern C:\MCC18\src\traditional\proc\p18F452.asm
                     IPR2   0x000fa2       data     extern C:\MCC18\src\traditional\proc\p18F452.asm
                 IPR2bits   0x000fa2       data     extern C:\MCC18\src\traditional\proc\p18F452.asm
                   EECON1   0x000fa6       data     extern C:\MCC18\src\traditional\proc\p18F452.asm
               EECON1bits   0x000fa6       data     extern C:\MCC18\src\traditional\proc\p18F452.asm
                   EECON2   0x000fa7       data     extern C:\MCC18\src\traditional\proc\p18F452.asm
                   EEDATA   0x000fa8       data     extern C:\MCC18\src\traditional\proc\p18F452.asm
                    EEADR   0x000fa9       data     extern C:\MCC18\src\traditional\proc\p18F452.asm
                RCSTAbits   0x000fab       data     extern C:\MCC18\src\traditional\proc\p18F452.asm
                    RCSTA   0x000fab       data     extern C:\MCC18\src\traditional\proc\p18F452.asm
                    TXSTA   0x000fac       data     extern C:\MCC18\src\traditional\proc\p18F452.asm
                TXSTAbits   0x000fac       data     extern C:\MCC18\src\traditional\proc\p18F452.asm
                    TXREG   0x000fad       data     extern C:\MCC18\src\traditional\proc\p18F452.asm
                    RCREG   0x000fae       data     extern C:\MCC18\src\traditional\proc\p18F452.asm
                    SPBRG   0x000faf       data     extern C:\MCC18\src\traditional\proc\p18F452.asm
                    T3CON   0x000fb1       data     extern C:\MCC18\src\traditional\proc\p18F452.asm
                T3CONbits   0x000fb1       data     extern C:\MCC18\src\traditional\proc\p18F452.asm
                    TMR3L   0x000fb2       data     extern C:\MCC18\src\traditional\proc\p18F452.asm
                    TMR3H   0x000fb3       data     extern C:\MCC18\src\traditional\proc\p18F452.asm
                  CCP2CON   0x000fba       data     extern C:\MCC18\src\traditional\proc\p18F452.asm
              CCP2CONbits   0x000fba       data     extern C:\MCC18\src\traditional\proc\p18F452.asm
                    CCPR2   0x000fbb       data     extern C:\MCC18\src\traditional\proc\p18F452.asm
                   CCPR2L   0x000fbb       data     extern C:\MCC18\src\traditional\proc\p18F452.asm
                   CCPR2H   0x000fbc       data     extern C:\MCC18\src\traditional\proc\p18F452.asm
                  CCP1CON   0x000fbd       data     extern C:\MCC18\src\traditional\proc\p18F452.asm
              CCP1CONbits   0x000fbd       data     extern C:\MCC18\src\traditional\proc\p18F452.asm
                   CCPR1L   0x000fbe       data     extern C:\MCC18\src\traditional\proc\p18F452.asm
                    CCPR1   0x000fbe       data     extern C:\MCC18\src\traditional\proc\p18F452.asm
                   CCPR1H   0x000fbf       data     extern C:\MCC18\src\traditional\proc\p18F452.asm
               ADCON1bits   0x000fc1       data     extern C:\MCC18\src\traditional\proc\p18F452.asm
                   ADCON1   0x000fc1       data     extern C:\MCC18\src\traditional\proc\p18F452.asm
                   ADCON0   0x000fc2       data     extern C:\MCC18\src\traditional\proc\p18F452.asm
               ADCON0bits   0x000fc2       data     extern C:\MCC18\src\traditional\proc\p18F452.asm
                   ADRESL   0x000fc3       data     extern C:\MCC18\src\traditional\proc\p18F452.asm
                    ADRES   0x000fc3       data     extern C:\MCC18\src\traditional\proc\p18F452.asm
                   ADRESH   0x000fc4       data     extern C:\MCC18\src\traditional\proc\p18F452.asm
                  SSPCON2   0x000fc5       data     extern C:\MCC18\src\traditional\proc\p18F452.asm
              SSPCON2bits   0x000fc5       data     extern C:\MCC18\src\traditional\proc\p18F452.asm
              SSPCON1bits   0x000fc6       data     extern C:\MCC18\src\traditional\proc\p18F452.asm
                  SSPCON1   0x000fc6       data     extern C:\MCC18\src\traditional\proc\p18F452.asm
                  SSPSTAT   0x000fc7       data     extern C:\MCC18\src\traditional\proc\p18F452.asm
              SSPSTATbits   0x000fc7       data     extern C:\MCC18\src\traditional\proc\p18F452.asm
                   SSPADD   0x000fc8       data     extern C:\MCC18\src\traditional\proc\p18F452.asm
                   SSPBUF   0x000fc9       data     extern C:\MCC18\src\traditional\proc\p18F452.asm
                    T2CON   0x000fca       data     extern C:\MCC18\src\traditional\proc\p18F452.asm
                T2CONbits   0x000fca       data     extern C:\MCC18\src\traditional\proc\p18F452.asm
                      PR2   0x000fcb       data     extern C:\MCC18\src\traditional\proc\p18F452.asm
                     TMR2   0x000fcc       data     extern C:\MCC18\src\traditional\proc\p18F452.asm
                    T1CON   0x000fcd       data     extern C:\MCC18\src\traditional\proc\p18F452.asm
                T1CONbits   0x000fcd       data     extern C:\MCC18\src\traditional\proc\p18F452.asm
                    TMR1L   0x000fce       data     extern C:\MCC18\src\traditional\proc\p18F452.asm
                    TMR1H   0x000fcf       data     extern C:\MCC18\src\traditional\proc\p18F452.asm
                 RCONbits   0x000fd0       data     extern C:\MCC18\src\traditional\proc\p18F452.asm
                     RCON   0x000fd0       data     extern C:\MCC18\src\traditional\proc\p18F452.asm
               WDTCONbits   0x000fd1       data     extern C:\MCC18\src\traditional\proc\p18F452.asm
                   WDTCON   0x000fd1       data     extern C:\MCC18\src\traditional\proc\p18F452.asm
               LVDCONbits   0x000fd2       data     extern C:\MCC18\src\traditional\proc\p18F452.asm
                   LVDCON   0x000fd2       data     extern C:\MCC18\src\traditional\proc\p18F452.asm
               OSCCONbits   0x000fd3       data     extern C:\MCC18\src\traditional\proc\p18F452.asm
                   OSCCON   0x000fd3       data     extern C:\MCC18\src\traditional\proc\p18F452.asm
                T0CONbits   0x000fd5       data     extern C:\MCC18\src\traditional\proc\p18F452.asm
                    T0CON   0x000fd5       data     extern C:\MCC18\src\traditional\proc\p18F452.asm
                    TMR0L   0x000fd6       data     extern C:\MCC18\src\traditional\proc\p18F452.asm
                    TMR0H   0x000fd7       data     extern C:\MCC18\src\traditional\proc\p18F452.asm
                   STATUS   0x000fd8       data     extern C:\MCC18\src\traditional\proc\p18F452.asm
               STATUSbits   0x000fd8       data     extern C:\MCC18\src\traditional\proc\p18F452.asm
                    FSR2L   0x000fd9       data     extern C:\MCC18\src\traditional\proc\p18F452.asm
                     FSR2   0x000fd9       data     extern C:\MCC18\src\traditional\proc\p18F452.asm
                    FSR2H   0x000fda       data     extern C:\MCC18\src\traditional\proc\p18F452.asm
                   PLUSW2   0x000fdb       data     extern C:\MCC18\src\traditional\proc\p18F452.asm
                  PREINC2   0x000fdc       data     extern C:\MCC18\src\traditional\proc\p18F452.asm
                 POSTDEC2   0x000fdd       data     extern C:\MCC18\src\traditional\proc\p18F452.asm
                 POSTINC2   0x000fde       data     extern C:\MCC18\src\traditional\proc\p18F452.asm
                    INDF2   0x000fdf       data     extern C:\MCC18\src\traditional\proc\p18F452.asm
                      BSR   0x000fe0       data     extern C:\MCC18\src\traditional\proc\p18F452.asm
                     FSR1   0x000fe1       data     extern C:\MCC18\src\traditional\proc\p18F452.asm
                    FSR1L   0x000fe1       data     extern C:\MCC18\src\traditional\proc\p18F452.asm
                    FSR1H   0x000fe2       data     extern C:\MCC18\src\traditional\proc\p18F452.asm
                   PLUSW1   0x000fe3       data     extern C:\MCC18\src\traditional\proc\p18F452.asm
                  PREINC1   0x000fe4       data     extern C:\MCC18\src\traditional\proc\p18F452.asm
                 POSTDEC1   0x000fe5       data     extern C:\MCC18\src\traditional\proc\p18F452.asm
                 POSTINC1   0x000fe6       data     extern C:\MCC18\src\traditional\proc\p18F452.asm
                    INDF1   0x000fe7       data     extern C:\MCC18\src\traditional\proc\p18F452.asm
                     WREG   0x000fe8       data     extern C:\MCC18\src\traditional\proc\p18F452.asm
                        W   0x000fe8       data     extern C:\MCC18\src\traditional\proc\p18F452.asm
                     FSR0   0x000fe9       data     extern C:\MCC18\src\traditional\proc\p18F452.asm
                    FSR0L   0x000fe9       data     extern C:\MCC18\src\traditional\proc\p18F452.asm
                    FSR0H   0x000fea       data     extern C:\MCC18\src\traditional\proc\p18F452.asm
                   PLUSW0   0x000feb       data     extern C:\MCC18\src\traditional\proc\p18F452.asm
                  PREINC0   0x000fec       data     extern C:\MCC18\src\traditional\proc\p18F452.asm
                 POSTDEC0   0x000fed       data     extern C:\MCC18\src\traditional\proc\p18F452.asm
                 POSTINC0   0x000fee       data     extern C:\MCC18\src\traditional\proc\p18F452.asm
                    INDF0   0x000fef       data     extern C:\MCC18\src\traditional\proc\p18F452.asm
              INTCON3bits   0x000ff0       data     extern C:\MCC18\src\traditional\proc\p18F452.asm
                  INTCON3   0x000ff0       data     extern C:\MCC18\src\traditional\proc\p18F452.asm
              INTCON2bits   0x000ff1       data     extern C:\MCC18\src\traditional\proc\p18F452.asm
                  INTCON2   0x000ff1       data     extern C:\MCC18\src\traditional\proc\p18F452.asm
                   INTCON   0x000ff2       data     extern C:\MCC18\src\traditional\proc\p18F452.asm
               INTCONbits   0x000ff2       data     extern C:\MCC18\src\traditional\proc\p18F452.asm
                    PRODL   0x000ff3       data     extern C:\MCC18\src\traditional\proc\p18F452.asm
                     PROD   0x000ff3       data     extern C:\MCC18\src\traditional\proc\p18F452.asm
                    PRODH   0x000ff4       data     extern C:\MCC18\src\traditional\proc\p18F452.asm
                   TABLAT   0x000ff5       data     extern C:\MCC18\src\traditional\proc\p18F452.asm
                  TBLPTRL   0x000ff6       data     extern C:\MCC18\src\traditional\proc\p18F452.asm
                   TBLPTR   0x000ff6       data     extern C:\MCC18\src\traditional\proc\p18F452.asm
                  TBLPTRH   0x000ff7       data     extern C:\MCC18\src\traditional\proc\p18F452.asm
                  TBLPTRU   0x000ff8       data     extern C:\MCC18\src\traditional\proc\p18F452.asm
                       PC   0x000ff9       data     extern C:\MCC18\src\traditional\proc\p18F452.asm
                      PCL   0x000ff9       data     extern C:\MCC18\src\traditional\proc\p18F452.asm
                   PCLATH   0x000ffa       data     extern C:\MCC18\src\traditional\proc\p18F452.asm
                   PCLATU   0x000ffb       data     extern C:\MCC18\src\traditional\proc\p18F452.asm
               STKPTRbits   0x000ffc       data     extern C:\MCC18\src\traditional\proc\p18F452.asm
                   STKPTR   0x000ffc       data     extern C:\MCC18\src\traditional\proc\p18F452.asm
                      TOS   0x000ffd       data     extern C:\MCC18\src\traditional\proc\p18F452.asm
                     TOSL   0x000ffd       data     extern C:\MCC18\src\traditional\proc\p18F452.asm
                     TOSH   0x000ffe       data     extern C:\MCC18\src\traditional\proc\p18F452.asm
                     TOSU   0x000fff       data     extern C:\MCC18\src\traditional\proc\p18F452.asm


